 
****************************************
check_design summary:
Version:     S-2021.06-SP5-5
Date:        Mon Nov 20 17:18:02 2023
****************************************

                   Name                                            Total
--------------------------------------------------------------------------------
Inputs/Outputs                                                      6
    Unconnected ports (LINT-28)                                     6
--------------------------------------------------------------------------------

Warning: In design 'Div9alt', port 'VDD' is not connected to any nets. (LINT-28)
Warning: In design 'Div9alt', port 'VSS' is not connected to any nets. (LINT-28)
Warning: In design 'Div12', port 'VDD' is not connected to any nets. (LINT-28)
Warning: In design 'Div12', port 'VSS' is not connected to any nets. (LINT-28)
Warning: In design 'Div80alt', port 'VDD' is not connected to any nets. (LINT-28)
Warning: In design 'Div80alt', port 'VSS' is not connected to any nets. (LINT-28)
1
