 
****************************************
check_design summary:
Version:     S-2021.06-SP5-5
Date:        Mon Nov 20 17:56:39 2023
****************************************

                   Name                                            Total
--------------------------------------------------------------------------------
Inputs/Outputs                                                      6
    Unconnected ports (LINT-28)                                     6
--------------------------------------------------------------------------------

Warning: In design 'CLKDivider_Div9alt_0', port 'VDD' is not connected to any nets. (LINT-28)
Warning: In design 'CLKDivider_Div9alt_0', port 'VSS' is not connected to any nets. (LINT-28)
Warning: In design 'CLKDivider_Div12_0', port 'VDD' is not connected to any nets. (LINT-28)
Warning: In design 'CLKDivider_Div12_0', port 'VSS' is not connected to any nets. (LINT-28)
Warning: In design 'CLKDivider_Div80alt_0', port 'VDD' is not connected to any nets. (LINT-28)
Warning: In design 'CLKDivider_Div80alt_0', port 'VSS' is not connected to any nets. (LINT-28)
1
